
build/release/user/udp_demo.elf:     file format elf32-littleriscv
build/release/user/udp_demo.elf
architecture: riscv:rv32, flags 0x00000112:
EXEC_P, HAS_SYMS, D_PAGED
start address 0x80200000

Program Header:
0x70000003 off    0x000030d8 vaddr 0x00000000 paddr 0x00000000 align 2**0
         filesz 0x0000004b memsz 0x00000000 flags r--
    LOAD off    0x00001000 vaddr 0x80200000 paddr 0x80200000 align 2**12
         filesz 0x000010f4 memsz 0x000010f4 flags r-x
    LOAD off    0x00003000 vaddr 0x80208000 paddr 0x80208000 align 2**12
         filesz 0x000000d8 memsz 0x000000d8 flags rw-

Sections:
Idx Name              Size      VMA       LMA       File off  Algn  Flags
  0 .text             000010f4  80200000  80200000  00001000  2**3  CONTENTS, ALLOC, LOAD, READONLY, CODE
  1 .rodata           000000c0  80208000  80208000  00003000  2**3  CONTENTS, ALLOC, LOAD, READONLY, DATA
  2 .data             00000018  802080c0  802080c0  000030c0  2**3  CONTENTS, ALLOC, LOAD, DATA
  3 .riscv.attributes 0000004b  00000000  00000000  000030d8  2**0  CONTENTS, READONLY
  4 .comment          00000032  00000000  00000000  00003123  2**0  CONTENTS, READONLY
SYMBOL TABLE:
80200000 l    d  .text	00000000 .text
80208000 l    d  .rodata	00000000 .rodata
802080c0 l    d  .data	00000000 .data
00000000 l    d  .riscv.attributes	00000000 .riscv.attributes
00000000 l    d  .comment	00000000 .comment
00000000 l    df *ABS*	00000000 cc5ArwcT.o
00000000 l    df *ABS*	00000000 udp_demo.c
802080c4 l     O .data	00000004 local_ip
802080c8 l     O .data	00000004 local_udp_port
802080cc l     O .data	00000004 dest_ip
802080d0 l     O .data	00000004 dest_udp_port
80200508 l     F .text	0000010c checksum
80200438 l     F .text	000000d0 crc32
00000000 l    df *ABS*	00000000 print.c
00000000 l    df *ABS*	00000000 servers.c
00000000 l    df *ABS*	00000000 syscall.c
802080d4 l     O .data	00000004 sc
00000000 l    df *ABS*	00000000 libc_a-itoa.o
00000000 l    df *ABS*	00000000 libc_a-utoa.o
00000000 l    df *ABS*	00000000 libc_a-strcat.o
00000000 l    df *ABS*	00000000 libc_a-strncat.o
00000000 l    df *ABS*	00000000 libc_a-memset.o
00000000 l    df *ABS*	00000000 libc_a-memcpy.o
00000000 l    df *ABS*	00000000 libc_a-strlen.o
00000000 l    df *ABS*	00000000 libc_a-strcpy.o
00000000 l    df *ABS*	00000000 _bswapsi2.o
00000000 l    df *ABS*	00000000 div.o
80200f68 g     F .text	000000a4 strcpy
80200000 g       .text	00000000 app_entry
8020100c g     F .text	00000034 .hidden __bswapsi2
80200db4 g     F .text	00000128 memcpy
80201048 g     F .text	00000048 .hidden __hidden___udivsi3
80200760 g     F .text	0000015c CRITICAL
80201048 g     F .text	00000048 .hidden __udivsi3
802080c0 g     O .data	00000004 earth
802009c8 g     F .text	00000070 itoa
80200958 g     F .text	00000070 sys_send
80200b8c g     F .text	000000a0 strcat
80201090 g     F .text	00000010 .hidden __umodsi3
80200614 g     F .text	0000014c format_to_str
80200c2c g     F .text	000000ac strncat
80200a38 g     F .text	00000154 __utoa
80200cd8 g     F .text	000000dc memset
80200010 g     F .text	00000428 main
80201040 g     F .text	00000084 .hidden __divsi3
80300000 g       *ABS*	00000000 __heap_end
802080d8 g       .data	00000000 __heap_start
802008f0 g     F .text	00000068 term_write
802008bc g     F .text	00000034 exit
802010c4 g     F .text	00000030 .hidden __modsi3
80200edc g     F .text	0000008c strlen



Disassembly of section .text:

80200000 <app_entry>:
app_entry():
80200000:	00052503          	lw	a0,0(a0)
80200004:	80400137          	lui	sp,0x80400
80200008:	008000ef          	jal	80200010 <main>
8020000c:	0b1000ef          	jal	802008bc <exit>

80200010 <main>:
main():
80200010:	f9010113          	addi	sp,sp,-112 # 803fff90 <__heap_end+0xfff90>
80200014:	06112623          	sw	ra,108(sp)
80200018:	06812423          	sw	s0,104(sp)
8020001c:	07010413          	addi	s0,sp,112
80200020:	f9c40793          	addi	a5,s0,-100
80200024:	04200713          	li	a4,66
80200028:	00070613          	mv	a2,a4
8020002c:	00000593          	li	a1,0
80200030:	00078513          	mv	a0,a5
80200034:	4a5000ef          	jal	80200cd8 <memset>
80200038:	512757b7          	lui	a5,0x51275
8020003c:	89878793          	addi	a5,a5,-1896 # 51274898 <app_entry-0x2ef8b768>
80200040:	f8f42e23          	sw	a5,-100(s0)
80200044:	000027b7          	lui	a5,0x2
80200048:	e5378793          	addi	a5,a5,-429 # 1e53 <app_entry-0x801fe1ad>
8020004c:	faf41023          	sh	a5,-96(s0)
80200050:	ffffe7b7          	lui	a5,0xffffe
80200054:	21078793          	addi	a5,a5,528 # ffffe210 <__heap_end+0x7fcfe210>
80200058:	faf41123          	sh	a5,-94(s0)
8020005c:	0d500793          	li	a5,213
80200060:	faf41223          	sh	a5,-92(s0)
80200064:	fa041323          	sh	zero,-90(s0)
80200068:	00800793          	li	a5,8
8020006c:	faf41423          	sh	a5,-88(s0)
80200070:	04500793          	li	a5,69
80200074:	faf40523          	sb	a5,-86(s0)
80200078:	000037b7          	lui	a5,0x3
8020007c:	40078793          	addi	a5,a5,1024 # 3400 <app_entry-0x801fcc00>
80200080:	faf41623          	sh	a5,-84(s0)
80200084:	04000793          	li	a5,64
80200088:	faf41823          	sh	a5,-80(s0)
8020008c:	04000793          	li	a5,64
80200090:	faf40923          	sb	a5,-78(s0)
80200094:	01100793          	li	a5,17
80200098:	faf409a3          	sb	a5,-77(s0)
8020009c:	802087b7          	lui	a5,0x80208
802000a0:	0c47a783          	lw	a5,196(a5) # 802080c4 <local_ip>
802000a4:	00078513          	mv	a0,a5
802000a8:	765000ef          	jal	8020100c <__bswapsi2>
802000ac:	00050793          	mv	a5,a0
802000b0:	01079713          	slli	a4,a5,0x10
802000b4:	01075713          	srli	a4,a4,0x10
802000b8:	fb645683          	lhu	a3,-74(s0)
802000bc:	0006f693          	andi	a3,a3,0
802000c0:	00e6e733          	or	a4,a3,a4
802000c4:	fae41b23          	sh	a4,-74(s0)
802000c8:	0107d793          	srli	a5,a5,0x10
802000cc:	fb845703          	lhu	a4,-72(s0)
802000d0:	00077713          	andi	a4,a4,0
802000d4:	00f767b3          	or	a5,a4,a5
802000d8:	faf41c23          	sh	a5,-72(s0)
802000dc:	802087b7          	lui	a5,0x80208
802000e0:	0cc7a783          	lw	a5,204(a5) # 802080cc <dest_ip>
802000e4:	00078513          	mv	a0,a5
802000e8:	725000ef          	jal	8020100c <__bswapsi2>
802000ec:	00050793          	mv	a5,a0
802000f0:	01079713          	slli	a4,a5,0x10
802000f4:	01075713          	srli	a4,a4,0x10
802000f8:	fba45683          	lhu	a3,-70(s0)
802000fc:	0006f693          	andi	a3,a3,0
80200100:	00e6e733          	or	a4,a3,a4
80200104:	fae41d23          	sh	a4,-70(s0)
80200108:	0107d793          	srli	a5,a5,0x10
8020010c:	fbc45703          	lhu	a4,-68(s0)
80200110:	00077713          	andi	a4,a4,0
80200114:	00f767b3          	or	a5,a4,a5
80200118:	faf41e23          	sh	a5,-68(s0)
8020011c:	802087b7          	lui	a5,0x80208
80200120:	0c87a783          	lw	a5,200(a5) # 802080c8 <local_udp_port>
80200124:	01079793          	slli	a5,a5,0x10
80200128:	0107d793          	srli	a5,a5,0x10
8020012c:	00879713          	slli	a4,a5,0x8
80200130:	0087d793          	srli	a5,a5,0x8
80200134:	00f767b3          	or	a5,a4,a5
80200138:	01079793          	slli	a5,a5,0x10
8020013c:	0107d793          	srli	a5,a5,0x10
80200140:	faf41f23          	sh	a5,-66(s0)
80200144:	802087b7          	lui	a5,0x80208
80200148:	0d07a783          	lw	a5,208(a5) # 802080d0 <dest_udp_port>
8020014c:	01079793          	slli	a5,a5,0x10
80200150:	0107d793          	srli	a5,a5,0x10
80200154:	00879713          	slli	a4,a5,0x8
80200158:	0087d793          	srli	a5,a5,0x8
8020015c:	00f767b3          	or	a5,a4,a5
80200160:	01079793          	slli	a5,a5,0x10
80200164:	0107d793          	srli	a5,a5,0x10
80200168:	fcf41023          	sh	a5,-64(s0)
8020016c:	000027b7          	lui	a5,0x2
80200170:	fcf41123          	sh	a5,-62(s0)
80200174:	802087b7          	lui	a5,0x80208
80200178:	00078793          	mv	a5,a5
8020017c:	0007d703          	lhu	a4,0(a5) # 80208000 <__modsi3+0x6f3c>
80200180:	00070f13          	mv	t5,a4
80200184:	0027d703          	lhu	a4,2(a5)
80200188:	00070e93          	mv	t4,a4
8020018c:	0047d703          	lhu	a4,4(a5)
80200190:	00070e13          	mv	t3,a4
80200194:	0067d703          	lhu	a4,6(a5)
80200198:	00070313          	mv	t1,a4
8020019c:	0087d703          	lhu	a4,8(a5)
802001a0:	00070893          	mv	a7,a4
802001a4:	00a7d703          	lhu	a4,10(a5)
802001a8:	00070813          	mv	a6,a4
802001ac:	00c7d703          	lhu	a4,12(a5)
802001b0:	00070513          	mv	a0,a4
802001b4:	00e7d703          	lhu	a4,14(a5)
802001b8:	00070593          	mv	a1,a4
802001bc:	0107d703          	lhu	a4,16(a5)
802001c0:	00070613          	mv	a2,a4
802001c4:	0127d703          	lhu	a4,18(a5)
802001c8:	00070693          	mv	a3,a4
802001cc:	0147d703          	lhu	a4,20(a5)
802001d0:	0167d783          	lhu	a5,22(a5)
802001d4:	fde41323          	sh	t5,-58(s0)
802001d8:	fdd41423          	sh	t4,-56(s0)
802001dc:	fdc41523          	sh	t3,-54(s0)
802001e0:	fc641623          	sh	t1,-52(s0)
802001e4:	fd141723          	sh	a7,-50(s0)
802001e8:	fd041823          	sh	a6,-48(s0)
802001ec:	fca41923          	sh	a0,-46(s0)
802001f0:	fcb41a23          	sh	a1,-44(s0)
802001f4:	fcc41b23          	sh	a2,-42(s0)
802001f8:	fcd41c23          	sh	a3,-40(s0)
802001fc:	fce41d23          	sh	a4,-38(s0)
80200200:	fcf41e23          	sh	a5,-36(s0)
80200204:	f9c40793          	addi	a5,s0,-100
80200208:	00e78793          	addi	a5,a5,14
8020020c:	00100693          	li	a3,1
80200210:	01400613          	li	a2,20
80200214:	00078593          	mv	a1,a5
80200218:	00000513          	li	a0,0
8020021c:	2ec000ef          	jal	80200508 <checksum>
80200220:	00050793          	mv	a5,a0
80200224:	00879713          	slli	a4,a5,0x8
80200228:	0087d793          	srli	a5,a5,0x8
8020022c:	00f767b3          	or	a5,a4,a5
80200230:	01079793          	slli	a5,a5,0x10
80200234:	0107d793          	srli	a5,a5,0x10
80200238:	faf41a23          	sh	a5,-76(s0)
8020023c:	fb442783          	lw	a5,-76(s0)
80200240:	0107d793          	srli	a5,a5,0x10
80200244:	fb842703          	lw	a4,-72(s0)
80200248:	01071713          	slli	a4,a4,0x10
8020024c:	01075713          	srli	a4,a4,0x10
80200250:	01071713          	slli	a4,a4,0x10
80200254:	00f767b3          	or	a5,a4,a5
80200258:	f8f42823          	sw	a5,-112(s0)
8020025c:	fb842783          	lw	a5,-72(s0)
80200260:	0107d793          	srli	a5,a5,0x10
80200264:	fbc42703          	lw	a4,-68(s0)
80200268:	01071713          	slli	a4,a4,0x10
8020026c:	01075713          	srli	a4,a4,0x10
80200270:	01071713          	slli	a4,a4,0x10
80200274:	00f767b3          	or	a5,a4,a5
80200278:	f8f42a23          	sw	a5,-108(s0)
8020027c:	f8040c23          	sb	zero,-104(s0)
80200280:	fb344783          	lbu	a5,-77(s0)
80200284:	f8f40ca3          	sb	a5,-103(s0)
80200288:	fc245783          	lhu	a5,-62(s0)
8020028c:	f8f41d23          	sh	a5,-102(s0)
80200290:	f9040793          	addi	a5,s0,-112
80200294:	00000693          	li	a3,0
80200298:	00c00613          	li	a2,12
8020029c:	00078593          	mv	a1,a5
802002a0:	00000513          	li	a0,0
802002a4:	264000ef          	jal	80200508 <checksum>
802002a8:	00050793          	mv	a5,a0
802002ac:	fef42623          	sw	a5,-20(s0)
802002b0:	f9c40793          	addi	a5,s0,-100
802002b4:	02278793          	addi	a5,a5,34
802002b8:	00100693          	li	a3,1
802002bc:	02000613          	li	a2,32
802002c0:	00078593          	mv	a1,a5
802002c4:	fec42503          	lw	a0,-20(s0)
802002c8:	240000ef          	jal	80200508 <checksum>
802002cc:	00050793          	mv	a5,a0
802002d0:	00879713          	slli	a4,a5,0x8
802002d4:	0087d793          	srli	a5,a5,0x8
802002d8:	00f767b3          	or	a5,a4,a5
802002dc:	01079793          	slli	a5,a5,0x10
802002e0:	0107d793          	srli	a5,a5,0x10
802002e4:	fcf41223          	sh	a5,-60(s0)
802002e8:	802087b7          	lui	a5,0x80208
802002ec:	0c07a783          	lw	a5,192(a5) # 802080c0 <earth>
802002f0:	0307a703          	lw	a4,48(a5)
802002f4:	00100793          	li	a5,1
802002f8:	00f71a63          	bne	a4,a5,8020030c <main+0x2fc>
802002fc:	802087b7          	lui	a5,0x80208
80200300:	01878513          	addi	a0,a5,24 # 80208018 <__modsi3+0x6f54>
80200304:	45c000ef          	jal	80200760 <CRITICAL>
80200308:	1180006f          	j	80200420 <main+0x410>
8020030c:	900017b7          	lui	a5,0x90001
80200310:	fef42423          	sw	a5,-24(s0)
80200314:	fe842783          	lw	a5,-24(s0)
80200318:	00078693          	mv	a3,a5
8020031c:	f9c40793          	addi	a5,s0,-100
80200320:	04200713          	li	a4,66
80200324:	00070613          	mv	a2,a4
80200328:	00078593          	mv	a1,a5
8020032c:	00068513          	mv	a0,a3
80200330:	285000ef          	jal	80200db4 <memcpy>
80200334:	04200793          	li	a5,66
80200338:	fef42223          	sw	a5,-28(s0)
8020033c:	fe842783          	lw	a5,-24(s0)
80200340:	00878713          	addi	a4,a5,8 # 90001008 <__heap_end+0xfd01008>
80200344:	fe442783          	lw	a5,-28(s0)
80200348:	ff878793          	addi	a5,a5,-8
8020034c:	00078593          	mv	a1,a5
80200350:	00070513          	mv	a0,a4
80200354:	0e4000ef          	jal	80200438 <crc32>
80200358:	fea42023          	sw	a0,-32(s0)
8020035c:	fe842703          	lw	a4,-24(s0)
80200360:	fe442783          	lw	a5,-28(s0)
80200364:	00f707b3          	add	a5,a4,a5
80200368:	fe042703          	lw	a4,-32(s0)
8020036c:	0ff77713          	zext.b	a4,a4
80200370:	00e78023          	sb	a4,0(a5)
80200374:	fe042783          	lw	a5,-32(s0)
80200378:	0087d693          	srli	a3,a5,0x8
8020037c:	fe442783          	lw	a5,-28(s0)
80200380:	00178793          	addi	a5,a5,1
80200384:	fe842703          	lw	a4,-24(s0)
80200388:	00f707b3          	add	a5,a4,a5
8020038c:	0ff6f713          	zext.b	a4,a3
80200390:	00e78023          	sb	a4,0(a5)
80200394:	fe042783          	lw	a5,-32(s0)
80200398:	0107d693          	srli	a3,a5,0x10
8020039c:	fe442783          	lw	a5,-28(s0)
802003a0:	00278793          	addi	a5,a5,2
802003a4:	fe842703          	lw	a4,-24(s0)
802003a8:	00f707b3          	add	a5,a4,a5
802003ac:	0ff6f713          	zext.b	a4,a3
802003b0:	00e78023          	sb	a4,0(a5)
802003b4:	fe042783          	lw	a5,-32(s0)
802003b8:	0187d693          	srli	a3,a5,0x18
802003bc:	fe442783          	lw	a5,-28(s0)
802003c0:	00378793          	addi	a5,a5,3
802003c4:	fe842703          	lw	a4,-24(s0)
802003c8:	00f707b3          	add	a5,a4,a5
802003cc:	0ff6f713          	zext.b	a4,a3
802003d0:	00e78023          	sb	a4,0(a5)
802003d4:	fe442783          	lw	a5,-28(s0)
802003d8:	00478793          	addi	a5,a5,4
802003dc:	fef42223          	sw	a5,-28(s0)
802003e0:	00000013          	nop
802003e4:	f00027b7          	lui	a5,0xf0002
802003e8:	01c78793          	addi	a5,a5,28 # f000201c <__heap_end+0x6fd0201c>
802003ec:	0007a783          	lw	a5,0(a5)
802003f0:	fe078ae3          	beqz	a5,802003e4 <main+0x3d4>
802003f4:	f00027b7          	lui	a5,0xf0002
802003f8:	02478793          	addi	a5,a5,36 # f0002024 <__heap_end+0x6fd02024>
802003fc:	0007a023          	sw	zero,0(a5)
80200400:	f00027b7          	lui	a5,0xf0002
80200404:	02878793          	addi	a5,a5,40 # f0002028 <__heap_end+0x6fd02028>
80200408:	fe442703          	lw	a4,-28(s0)
8020040c:	00e7a023          	sw	a4,0(a5)
80200410:	f00027b7          	lui	a5,0xf0002
80200414:	01878793          	addi	a5,a5,24 # f0002018 <__heap_end+0x6fd02018>
80200418:	00100713          	li	a4,1
8020041c:	00e7a023          	sw	a4,0(a5)
80200420:	00000793          	li	a5,0
80200424:	00078513          	mv	a0,a5
80200428:	06c12083          	lw	ra,108(sp)
8020042c:	06812403          	lw	s0,104(sp)
80200430:	07010113          	addi	sp,sp,112
80200434:	00008067          	ret

80200438 <crc32>:
crc32():
80200438:	fc010113          	addi	sp,sp,-64
8020043c:	02112e23          	sw	ra,60(sp)
80200440:	02812c23          	sw	s0,56(sp)
80200444:	04010413          	addi	s0,sp,64
80200448:	fca42623          	sw	a0,-52(s0)
8020044c:	fcb42423          	sw	a1,-56(s0)
80200450:	fff00793          	li	a5,-1
80200454:	fef42623          	sw	a5,-20(s0)
80200458:	fe042423          	sw	zero,-24(s0)
8020045c:	0840006f          	j	802004e0 <crc32+0xa8>
80200460:	fe842783          	lw	a5,-24(s0)
80200464:	fcc42703          	lw	a4,-52(s0)
80200468:	00f707b3          	add	a5,a4,a5
8020046c:	0007c783          	lbu	a5,0(a5)
80200470:	fef42023          	sw	a5,-32(s0)
80200474:	fec42703          	lw	a4,-20(s0)
80200478:	fe042783          	lw	a5,-32(s0)
8020047c:	00f747b3          	xor	a5,a4,a5
80200480:	fef42623          	sw	a5,-20(s0)
80200484:	00700793          	li	a5,7
80200488:	fef42223          	sw	a5,-28(s0)
8020048c:	0400006f          	j	802004cc <crc32+0x94>
80200490:	fec42783          	lw	a5,-20(s0)
80200494:	0017f793          	andi	a5,a5,1
80200498:	40f007b3          	neg	a5,a5
8020049c:	fcf42e23          	sw	a5,-36(s0)
802004a0:	fec42783          	lw	a5,-20(s0)
802004a4:	0017d713          	srli	a4,a5,0x1
802004a8:	fdc42683          	lw	a3,-36(s0)
802004ac:	edb887b7          	lui	a5,0xedb88
802004b0:	32078793          	addi	a5,a5,800 # edb88320 <__heap_end+0x6d888320>
802004b4:	00f6f7b3          	and	a5,a3,a5
802004b8:	00f747b3          	xor	a5,a4,a5
802004bc:	fef42623          	sw	a5,-20(s0)
802004c0:	fe442783          	lw	a5,-28(s0)
802004c4:	fff78793          	addi	a5,a5,-1
802004c8:	fef42223          	sw	a5,-28(s0)
802004cc:	fe442783          	lw	a5,-28(s0)
802004d0:	fc07d0e3          	bgez	a5,80200490 <crc32+0x58>
802004d4:	fe842783          	lw	a5,-24(s0)
802004d8:	00178793          	addi	a5,a5,1
802004dc:	fef42423          	sw	a5,-24(s0)
802004e0:	fe842783          	lw	a5,-24(s0)
802004e4:	fc842703          	lw	a4,-56(s0)
802004e8:	f6e7ece3          	bltu	a5,a4,80200460 <crc32+0x28>
802004ec:	fec42783          	lw	a5,-20(s0)
802004f0:	fff7c793          	not	a5,a5
802004f4:	00078513          	mv	a0,a5
802004f8:	03c12083          	lw	ra,60(sp)
802004fc:	03812403          	lw	s0,56(sp)
80200500:	04010113          	addi	sp,sp,64
80200504:	00008067          	ret

80200508 <checksum>:
checksum():
80200508:	fd010113          	addi	sp,sp,-48
8020050c:	02112623          	sw	ra,44(sp)
80200510:	02812423          	sw	s0,40(sp)
80200514:	03010413          	addi	s0,sp,48
80200518:	fca42e23          	sw	a0,-36(s0)
8020051c:	fcb42c23          	sw	a1,-40(s0)
80200520:	fcc42a23          	sw	a2,-44(s0)
80200524:	fcd42823          	sw	a3,-48(s0)
80200528:	fd442783          	lw	a5,-44(s0)
8020052c:	0017d793          	srli	a5,a5,0x1
80200530:	fcf42a23          	sw	a5,-44(s0)
80200534:	fe042623          	sw	zero,-20(s0)
80200538:	0540006f          	j	8020058c <checksum+0x84>
8020053c:	fec42783          	lw	a5,-20(s0)
80200540:	00179793          	slli	a5,a5,0x1
80200544:	00078713          	mv	a4,a5
80200548:	fd842783          	lw	a5,-40(s0)
8020054c:	00e787b3          	add	a5,a5,a4
80200550:	0007c783          	lbu	a5,0(a5)
80200554:	00879793          	slli	a5,a5,0x8
80200558:	fec42703          	lw	a4,-20(s0)
8020055c:	00171713          	slli	a4,a4,0x1
80200560:	00170713          	addi	a4,a4,1
80200564:	fd842683          	lw	a3,-40(s0)
80200568:	00e68733          	add	a4,a3,a4
8020056c:	00074703          	lbu	a4,0(a4)
80200570:	00e7e7b3          	or	a5,a5,a4
80200574:	fdc42703          	lw	a4,-36(s0)
80200578:	00f707b3          	add	a5,a4,a5
8020057c:	fcf42e23          	sw	a5,-36(s0)
80200580:	fec42783          	lw	a5,-20(s0)
80200584:	00178793          	addi	a5,a5,1
80200588:	fef42623          	sw	a5,-20(s0)
8020058c:	fec42783          	lw	a5,-20(s0)
80200590:	fd442703          	lw	a4,-44(s0)
80200594:	fae7e4e3          	bltu	a5,a4,8020053c <checksum+0x34>
80200598:	0200006f          	j	802005b8 <checksum+0xb0>
8020059c:	fdc42783          	lw	a5,-36(s0)
802005a0:	01079713          	slli	a4,a5,0x10
802005a4:	01075713          	srli	a4,a4,0x10
802005a8:	fdc42783          	lw	a5,-36(s0)
802005ac:	0107d793          	srli	a5,a5,0x10
802005b0:	00f707b3          	add	a5,a4,a5
802005b4:	fcf42e23          	sw	a5,-36(s0)
802005b8:	fdc42783          	lw	a5,-36(s0)
802005bc:	0107d793          	srli	a5,a5,0x10
802005c0:	fc079ee3          	bnez	a5,8020059c <checksum+0x94>
802005c4:	fd042783          	lw	a5,-48(s0)
802005c8:	02078663          	beqz	a5,802005f4 <checksum+0xec>
802005cc:	fdc42783          	lw	a5,-36(s0)
802005d0:	fff7c793          	not	a5,a5
802005d4:	01079793          	slli	a5,a5,0x10
802005d8:	0107d793          	srli	a5,a5,0x10
802005dc:	fcf42e23          	sw	a5,-36(s0)
802005e0:	fdc42783          	lw	a5,-36(s0)
802005e4:	00079863          	bnez	a5,802005f4 <checksum+0xec>
802005e8:	000107b7          	lui	a5,0x10
802005ec:	fff78793          	addi	a5,a5,-1 # ffff <app_entry-0x801f0001>
802005f0:	fcf42e23          	sw	a5,-36(s0)
802005f4:	fdc42783          	lw	a5,-36(s0)
802005f8:	01079793          	slli	a5,a5,0x10
802005fc:	0107d793          	srli	a5,a5,0x10
80200600:	00078513          	mv	a0,a5
80200604:	02c12083          	lw	ra,44(sp)
80200608:	02812403          	lw	s0,40(sp)
8020060c:	03010113          	addi	sp,sp,48
80200610:	00008067          	ret

80200614 <format_to_str>:
format_to_str():
80200614:	fe010113          	addi	sp,sp,-32
80200618:	00112e23          	sw	ra,28(sp)
8020061c:	00812c23          	sw	s0,24(sp)
80200620:	00912a23          	sw	s1,20(sp)
80200624:	02010413          	addi	s0,sp,32
80200628:	fea42623          	sw	a0,-20(s0)
8020062c:	feb42423          	sw	a1,-24(s0)
80200630:	fec42223          	sw	a2,-28(s0)
80200634:	fec42783          	lw	a5,-20(s0)
80200638:	00078023          	sb	zero,0(a5)
8020063c:	0fc0006f          	j	80200738 <format_to_str+0x124>
80200640:	fe842783          	lw	a5,-24(s0)
80200644:	0007c703          	lbu	a4,0(a5)
80200648:	02500793          	li	a5,37
8020064c:	00f70c63          	beq	a4,a5,80200664 <format_to_str+0x50>
80200650:	00100613          	li	a2,1
80200654:	fe842583          	lw	a1,-24(s0)
80200658:	fec42503          	lw	a0,-20(s0)
8020065c:	5d0000ef          	jal	80200c2c <strncat>
80200660:	0cc0006f          	j	8020072c <format_to_str+0x118>
80200664:	fe842783          	lw	a5,-24(s0)
80200668:	00178793          	addi	a5,a5,1
8020066c:	fef42423          	sw	a5,-24(s0)
80200670:	fe842783          	lw	a5,-24(s0)
80200674:	0007c703          	lbu	a4,0(a5)
80200678:	07300793          	li	a5,115
8020067c:	02f71263          	bne	a4,a5,802006a0 <format_to_str+0x8c>
80200680:	fe442783          	lw	a5,-28(s0)
80200684:	00478713          	addi	a4,a5,4
80200688:	fee42223          	sw	a4,-28(s0)
8020068c:	0007a783          	lw	a5,0(a5)
80200690:	00078593          	mv	a1,a5
80200694:	fec42503          	lw	a0,-20(s0)
80200698:	4f4000ef          	jal	80200b8c <strcat>
8020069c:	0900006f          	j	8020072c <format_to_str+0x118>
802006a0:	fe842783          	lw	a5,-24(s0)
802006a4:	0007c703          	lbu	a4,0(a5)
802006a8:	06400793          	li	a5,100
802006ac:	02f71e63          	bne	a4,a5,802006e8 <format_to_str+0xd4>
802006b0:	fe442783          	lw	a5,-28(s0)
802006b4:	00478713          	addi	a4,a5,4
802006b8:	fee42223          	sw	a4,-28(s0)
802006bc:	0007a483          	lw	s1,0(a5)
802006c0:	fec42503          	lw	a0,-20(s0)
802006c4:	019000ef          	jal	80200edc <strlen>
802006c8:	00050713          	mv	a4,a0
802006cc:	fec42783          	lw	a5,-20(s0)
802006d0:	00e787b3          	add	a5,a5,a4
802006d4:	00a00613          	li	a2,10
802006d8:	00078593          	mv	a1,a5
802006dc:	00048513          	mv	a0,s1
802006e0:	2e8000ef          	jal	802009c8 <itoa>
802006e4:	0480006f          	j	8020072c <format_to_str+0x118>
802006e8:	fe842783          	lw	a5,-24(s0)
802006ec:	0007c703          	lbu	a4,0(a5)
802006f0:	07800793          	li	a5,120
802006f4:	02f71c63          	bne	a4,a5,8020072c <format_to_str+0x118>
802006f8:	fe442783          	lw	a5,-28(s0)
802006fc:	00478713          	addi	a4,a5,4
80200700:	fee42223          	sw	a4,-28(s0)
80200704:	0007a483          	lw	s1,0(a5)
80200708:	fec42503          	lw	a0,-20(s0)
8020070c:	7d0000ef          	jal	80200edc <strlen>
80200710:	00050713          	mv	a4,a0
80200714:	fec42783          	lw	a5,-20(s0)
80200718:	00e787b3          	add	a5,a5,a4
8020071c:	01000613          	li	a2,16
80200720:	00078593          	mv	a1,a5
80200724:	00048513          	mv	a0,s1
80200728:	2a0000ef          	jal	802009c8 <itoa>
8020072c:	fe842783          	lw	a5,-24(s0)
80200730:	00178793          	addi	a5,a5,1
80200734:	fef42423          	sw	a5,-24(s0)
80200738:	fe842783          	lw	a5,-24(s0)
8020073c:	0007c783          	lbu	a5,0(a5)
80200740:	f00790e3          	bnez	a5,80200640 <format_to_str+0x2c>
80200744:	00000013          	nop
80200748:	00000013          	nop
8020074c:	01c12083          	lw	ra,28(sp)
80200750:	01812403          	lw	s0,24(sp)
80200754:	01412483          	lw	s1,20(sp)
80200758:	02010113          	addi	sp,sp,32
8020075c:	00008067          	ret

80200760 <CRITICAL>:
CRITICAL():
80200760:	db010113          	addi	sp,sp,-592
80200764:	22112623          	sw	ra,556(sp)
80200768:	22812423          	sw	s0,552(sp)
8020076c:	23010413          	addi	s0,sp,560
80200770:	dca42e23          	sw	a0,-548(s0)
80200774:	00b42223          	sw	a1,4(s0)
80200778:	00c42423          	sw	a2,8(s0)
8020077c:	00d42623          	sw	a3,12(s0)
80200780:	00e42823          	sw	a4,16(s0)
80200784:	00f42a23          	sw	a5,20(s0)
80200788:	01042c23          	sw	a6,24(s0)
8020078c:	01142e23          	sw	a7,28(s0)
80200790:	df040793          	addi	a5,s0,-528
80200794:	80208737          	lui	a4,0x80208
80200798:	08070713          	addi	a4,a4,128 # 80208080 <__modsi3+0x6fbc>
8020079c:	00072503          	lw	a0,0(a4)
802007a0:	00472583          	lw	a1,4(a4)
802007a4:	00872603          	lw	a2,8(a4)
802007a8:	00c72683          	lw	a3,12(a4)
802007ac:	00a7a023          	sw	a0,0(a5)
802007b0:	00b7a223          	sw	a1,4(a5)
802007b4:	00c7a423          	sw	a2,8(a5)
802007b8:	00d7a623          	sw	a3,12(a5)
802007bc:	01075683          	lhu	a3,16(a4)
802007c0:	00d79823          	sh	a3,16(a5)
802007c4:	01274703          	lbu	a4,18(a4)
802007c8:	00e78923          	sb	a4,18(a5)
802007cc:	02040793          	addi	a5,s0,32
802007d0:	dcf42c23          	sw	a5,-552(s0)
802007d4:	dd842783          	lw	a5,-552(s0)
802007d8:	fe478793          	addi	a5,a5,-28
802007dc:	def42623          	sw	a5,-532(s0)
802007e0:	df040793          	addi	a5,s0,-528
802007e4:	01278793          	addi	a5,a5,18
802007e8:	dec42703          	lw	a4,-532(s0)
802007ec:	00070613          	mv	a2,a4
802007f0:	ddc42583          	lw	a1,-548(s0)
802007f4:	00078513          	mv	a0,a5
802007f8:	e1dff0ef          	jal	80200614 <format_to_str>
802007fc:	df040793          	addi	a5,s0,-528
80200800:	00078513          	mv	a0,a5
80200804:	6d8000ef          	jal	80200edc <strlen>
80200808:	00050793          	mv	a5,a0
8020080c:	00078713          	mv	a4,a5
80200810:	df040793          	addi	a5,s0,-528
80200814:	00e787b3          	add	a5,a5,a4
80200818:	80208737          	lui	a4,0x80208
8020081c:	06070713          	addi	a4,a4,96 # 80208060 <__modsi3+0x6f9c>
80200820:	00074683          	lbu	a3,0(a4)
80200824:	00068e13          	mv	t3,a3
80200828:	00174683          	lbu	a3,1(a4)
8020082c:	00068313          	mv	t1,a3
80200830:	00274683          	lbu	a3,2(a4)
80200834:	00068893          	mv	a7,a3
80200838:	00374683          	lbu	a3,3(a4)
8020083c:	00068813          	mv	a6,a3
80200840:	00474683          	lbu	a3,4(a4)
80200844:	00068513          	mv	a0,a3
80200848:	00574683          	lbu	a3,5(a4)
8020084c:	00068593          	mv	a1,a3
80200850:	00674683          	lbu	a3,6(a4)
80200854:	00068613          	mv	a2,a3
80200858:	00774683          	lbu	a3,7(a4)
8020085c:	00874703          	lbu	a4,8(a4)
80200860:	01c78023          	sb	t3,0(a5)
80200864:	006780a3          	sb	t1,1(a5)
80200868:	01178123          	sb	a7,2(a5)
8020086c:	010781a3          	sb	a6,3(a5)
80200870:	00a78223          	sb	a0,4(a5)
80200874:	00b782a3          	sb	a1,5(a5)
80200878:	00c78323          	sb	a2,6(a5)
8020087c:	00d783a3          	sb	a3,7(a5)
80200880:	00e78423          	sb	a4,8(a5)
80200884:	df040793          	addi	a5,s0,-528
80200888:	00078513          	mv	a0,a5
8020088c:	650000ef          	jal	80200edc <strlen>
80200890:	00050713          	mv	a4,a0
80200894:	df040793          	addi	a5,s0,-528
80200898:	00070593          	mv	a1,a4
8020089c:	00078513          	mv	a0,a5
802008a0:	050000ef          	jal	802008f0 <term_write>
802008a4:	00000013          	nop
802008a8:	00078513          	mv	a0,a5
802008ac:	22c12083          	lw	ra,556(sp)
802008b0:	22812403          	lw	s0,552(sp)
802008b4:	25010113          	addi	sp,sp,592
802008b8:	00008067          	ret

802008bc <exit>:
exit():
802008bc:	dd010113          	addi	sp,sp,-560
802008c0:	22112623          	sw	ra,556(sp)
802008c4:	22812423          	sw	s0,552(sp)
802008c8:	23010413          	addi	s0,sp,560
802008cc:	dca42e23          	sw	a0,-548(s0)
802008d0:	00100793          	li	a5,1
802008d4:	def42423          	sw	a5,-536(s0)
802008d8:	de840793          	addi	a5,s0,-536
802008dc:	20800613          	li	a2,520
802008e0:	00078593          	mv	a1,a5
802008e4:	00100513          	li	a0,1
802008e8:	070000ef          	jal	80200958 <sys_send>
802008ec:	0000006f          	j	802008ec <exit+0x30>

802008f0 <term_write>:
term_write():
802008f0:	dd010113          	addi	sp,sp,-560
802008f4:	22112623          	sw	ra,556(sp)
802008f8:	22812423          	sw	s0,552(sp)
802008fc:	23010413          	addi	s0,sp,560
80200900:	dca42e23          	sw	a0,-548(s0)
80200904:	dcb42c23          	sw	a1,-552(s0)
80200908:	00100793          	li	a5,1
8020090c:	def42423          	sw	a5,-536(s0)
80200910:	dd842783          	lw	a5,-552(s0)
80200914:	def42623          	sw	a5,-532(s0)
80200918:	de840793          	addi	a5,s0,-536
8020091c:	00878793          	addi	a5,a5,8
80200920:	dd842603          	lw	a2,-552(s0)
80200924:	ddc42583          	lw	a1,-548(s0)
80200928:	00078513          	mv	a0,a5
8020092c:	488000ef          	jal	80200db4 <memcpy>
80200930:	de840793          	addi	a5,s0,-536
80200934:	20800613          	li	a2,520
80200938:	00078593          	mv	a1,a5
8020093c:	00200513          	li	a0,2
80200940:	018000ef          	jal	80200958 <sys_send>
80200944:	00000013          	nop
80200948:	22c12083          	lw	ra,556(sp)
8020094c:	22812403          	lw	s0,552(sp)
80200950:	23010113          	addi	sp,sp,560
80200954:	00008067          	ret

80200958 <sys_send>:
sys_send():
80200958:	fe010113          	addi	sp,sp,-32
8020095c:	00112e23          	sw	ra,28(sp)
80200960:	00812c23          	sw	s0,24(sp)
80200964:	02010413          	addi	s0,sp,32
80200968:	fea42623          	sw	a0,-20(s0)
8020096c:	feb42423          	sw	a1,-24(s0)
80200970:	fec42223          	sw	a2,-28(s0)
80200974:	802087b7          	lui	a5,0x80208
80200978:	0d47a783          	lw	a5,212(a5) # 802080d4 <sc>
8020097c:	00200713          	li	a4,2
80200980:	00e7a023          	sw	a4,0(a5)
80200984:	802087b7          	lui	a5,0x80208
80200988:	0d47a783          	lw	a5,212(a5) # 802080d4 <sc>
8020098c:	fec42703          	lw	a4,-20(s0)
80200990:	00e7a423          	sw	a4,8(a5)
80200994:	802087b7          	lui	a5,0x80208
80200998:	0d47a783          	lw	a5,212(a5) # 802080d4 <sc>
8020099c:	00c78793          	addi	a5,a5,12
802009a0:	fe442603          	lw	a2,-28(s0)
802009a4:	fe842583          	lw	a1,-24(s0)
802009a8:	00078513          	mv	a0,a5
802009ac:	408000ef          	jal	80200db4 <memcpy>
802009b0:	00000073          	ecall
802009b4:	00000013          	nop
802009b8:	01c12083          	lw	ra,28(sp)
802009bc:	01812403          	lw	s0,24(sp)
802009c0:	02010113          	addi	sp,sp,32
802009c4:	00008067          	ret

802009c8 <itoa>:
itoa():
802009c8:	ff010113          	addi	sp,sp,-16
802009cc:	00812423          	sw	s0,8(sp)
802009d0:	00112623          	sw	ra,12(sp)
802009d4:	ffe60713          	addi	a4,a2,-2
802009d8:	02200793          	li	a5,34
802009dc:	00058413          	mv	s0,a1
802009e0:	04e7e063          	bltu	a5,a4,80200a20 <itoa+0x58>
802009e4:	00a00793          	li	a5,10
802009e8:	02f60063          	beq	a2,a5,80200a08 <itoa+0x40>
802009ec:	00040593          	mv	a1,s0
802009f0:	048000ef          	jal	80200a38 <__utoa>
802009f4:	00c12083          	lw	ra,12(sp)
802009f8:	00040513          	mv	a0,s0
802009fc:	00812403          	lw	s0,8(sp)
80200a00:	01010113          	addi	sp,sp,16
80200a04:	00008067          	ret
80200a08:	fe0552e3          	bgez	a0,802009ec <itoa+0x24>
80200a0c:	02d00793          	li	a5,45
80200a10:	00f58023          	sb	a5,0(a1)
80200a14:	40a00533          	neg	a0,a0
80200a18:	00158593          	addi	a1,a1,1
80200a1c:	fd5ff06f          	j	802009f0 <itoa+0x28>
80200a20:	00058023          	sb	zero,0(a1)
80200a24:	00c12083          	lw	ra,12(sp)
80200a28:	00812403          	lw	s0,8(sp)
80200a2c:	00000513          	li	a0,0
80200a30:	01010113          	addi	sp,sp,16
80200a34:	00008067          	ret

80200a38 <__utoa>:
__utoa():
80200a38:	00007797          	auipc	a5,0x7
80200a3c:	65c78793          	addi	a5,a5,1628 # 80208094 <__modsi3+0x6fd0>
80200a40:	0007a283          	lw	t0,0(a5)
80200a44:	0047af83          	lw	t6,4(a5)
80200a48:	0087af03          	lw	t5,8(a5)
80200a4c:	00c7ae83          	lw	t4,12(a5)
80200a50:	0107ae03          	lw	t3,16(a5)
80200a54:	0147a303          	lw	t1,20(a5)
80200a58:	0187a883          	lw	a7,24(a5)
80200a5c:	01c7a803          	lw	a6,28(a5)
80200a60:	0207a683          	lw	a3,32(a5)
80200a64:	00007797          	auipc	a5,0x7
80200a68:	6547c783          	lbu	a5,1620(a5) # 802080b8 <__modsi3+0x6ff4>
80200a6c:	fb010113          	addi	sp,sp,-80
80200a70:	03512a23          	sw	s5,52(sp)
80200a74:	02f10623          	sb	a5,44(sp)
80200a78:	04112623          	sw	ra,76(sp)
80200a7c:	ffe60713          	addi	a4,a2,-2
80200a80:	00512423          	sw	t0,8(sp)
80200a84:	01f12623          	sw	t6,12(sp)
80200a88:	01e12823          	sw	t5,16(sp)
80200a8c:	01d12a23          	sw	t4,20(sp)
80200a90:	01c12c23          	sw	t3,24(sp)
80200a94:	00612e23          	sw	t1,28(sp)
80200a98:	03112023          	sw	a7,32(sp)
80200a9c:	03012223          	sw	a6,36(sp)
80200aa0:	02d12423          	sw	a3,40(sp)
80200aa4:	02200793          	li	a5,34
80200aa8:	00058a93          	mv	s5,a1
80200aac:	0ce7e463          	bltu	a5,a4,80200b74 <__utoa+0x13c>
80200ab0:	04812423          	sw	s0,72(sp)
80200ab4:	04912223          	sw	s1,68(sp)
80200ab8:	05212023          	sw	s2,64(sp)
80200abc:	03312e23          	sw	s3,60(sp)
80200ac0:	03412c23          	sw	s4,56(sp)
80200ac4:	03612823          	sw	s6,48(sp)
80200ac8:	00060493          	mv	s1,a2
80200acc:	00050413          	mv	s0,a0
80200ad0:	00000913          	li	s2,0
80200ad4:	00048593          	mv	a1,s1
80200ad8:	00040513          	mv	a0,s0
80200adc:	5b4000ef          	jal	80201090 <__umodsi3>
80200ae0:	00250533          	add	a0,a0,sp
80200ae4:	00854783          	lbu	a5,8(a0)
80200ae8:	00090993          	mv	s3,s2
80200aec:	00190913          	addi	s2,s2,1
80200af0:	012a8a33          	add	s4,s5,s2
80200af4:	00040513          	mv	a0,s0
80200af8:	00048593          	mv	a1,s1
80200afc:	fefa0fa3          	sb	a5,-1(s4)
80200b00:	00040b13          	mv	s6,s0
80200b04:	544000ef          	jal	80201048 <__hidden___udivsi3>
80200b08:	00050413          	mv	s0,a0
80200b0c:	fc9b74e3          	bgeu	s6,s1,80200ad4 <__utoa+0x9c>
80200b10:	000a0023          	sb	zero,0(s4)
80200b14:	02098a63          	beqz	s3,80200b48 <__utoa+0x110>
80200b18:	000a8693          	mv	a3,s5
80200b1c:	013a8733          	add	a4,s5,s3
80200b20:	00000793          	li	a5,0
80200b24:	00074583          	lbu	a1,0(a4)
80200b28:	0006c603          	lbu	a2,0(a3)
80200b2c:	00178793          	addi	a5,a5,1
80200b30:	00b68023          	sb	a1,0(a3)
80200b34:	00c70023          	sb	a2,0(a4)
80200b38:	40f98633          	sub	a2,s3,a5
80200b3c:	00168693          	addi	a3,a3,1
80200b40:	fff70713          	addi	a4,a4,-1
80200b44:	fec7c0e3          	blt	a5,a2,80200b24 <__utoa+0xec>
80200b48:	04812403          	lw	s0,72(sp)
80200b4c:	04c12083          	lw	ra,76(sp)
80200b50:	04412483          	lw	s1,68(sp)
80200b54:	04012903          	lw	s2,64(sp)
80200b58:	03c12983          	lw	s3,60(sp)
80200b5c:	03812a03          	lw	s4,56(sp)
80200b60:	03012b03          	lw	s6,48(sp)
80200b64:	000a8513          	mv	a0,s5
80200b68:	03412a83          	lw	s5,52(sp)
80200b6c:	05010113          	addi	sp,sp,80
80200b70:	00008067          	ret
80200b74:	00058023          	sb	zero,0(a1)
80200b78:	04c12083          	lw	ra,76(sp)
80200b7c:	03412a83          	lw	s5,52(sp)
80200b80:	00000513          	li	a0,0
80200b84:	05010113          	addi	sp,sp,80
80200b88:	00008067          	ret

80200b8c <strcat>:
strcat():
80200b8c:	ff010113          	addi	sp,sp,-16
80200b90:	00812423          	sw	s0,8(sp)
80200b94:	00112623          	sw	ra,12(sp)
80200b98:	00357793          	andi	a5,a0,3
80200b9c:	00050413          	mv	s0,a0
80200ba0:	06079663          	bnez	a5,80200c0c <strcat+0x80>
80200ba4:	00052703          	lw	a4,0(a0)
80200ba8:	feff0637          	lui	a2,0xfeff0
80200bac:	eff60613          	addi	a2,a2,-257 # fefefeff <__heap_end+0x7ecefeff>
80200bb0:	00c707b3          	add	a5,a4,a2
80200bb4:	808086b7          	lui	a3,0x80808
80200bb8:	fff74713          	not	a4,a4
80200bbc:	00e7f7b3          	and	a5,a5,a4
80200bc0:	08068693          	addi	a3,a3,128 # 80808080 <__heap_end+0x508080>
80200bc4:	00d7f7b3          	and	a5,a5,a3
80200bc8:	04079263          	bnez	a5,80200c0c <strcat+0x80>
80200bcc:	00452703          	lw	a4,4(a0)
80200bd0:	00450513          	addi	a0,a0,4
80200bd4:	00c707b3          	add	a5,a4,a2
80200bd8:	fff74713          	not	a4,a4
80200bdc:	00e7f7b3          	and	a5,a5,a4
80200be0:	00d7f7b3          	and	a5,a5,a3
80200be4:	02079463          	bnez	a5,80200c0c <strcat+0x80>
80200be8:	00452703          	lw	a4,4(a0)
80200bec:	00450513          	addi	a0,a0,4
80200bf0:	00c707b3          	add	a5,a4,a2
80200bf4:	fff74713          	not	a4,a4
80200bf8:	00e7f7b3          	and	a5,a5,a4
80200bfc:	00d7f7b3          	and	a5,a5,a3
80200c00:	fc0786e3          	beqz	a5,80200bcc <strcat+0x40>
80200c04:	0080006f          	j	80200c0c <strcat+0x80>
80200c08:	00150513          	addi	a0,a0,1
80200c0c:	00054783          	lbu	a5,0(a0)
80200c10:	fe079ce3          	bnez	a5,80200c08 <strcat+0x7c>
80200c14:	354000ef          	jal	80200f68 <strcpy>
80200c18:	00c12083          	lw	ra,12(sp)
80200c1c:	00040513          	mv	a0,s0
80200c20:	00812403          	lw	s0,8(sp)
80200c24:	01010113          	addi	sp,sp,16
80200c28:	00008067          	ret

80200c2c <strncat>:
strncat():
80200c2c:	00357713          	andi	a4,a0,3
80200c30:	00050793          	mv	a5,a0
80200c34:	06071663          	bnez	a4,80200ca0 <strncat+0x74>
80200c38:	00052683          	lw	a3,0(a0)
80200c3c:	feff08b7          	lui	a7,0xfeff0
80200c40:	eff88893          	addi	a7,a7,-257 # fefefeff <__heap_end+0x7ecefeff>
80200c44:	01168733          	add	a4,a3,a7
80200c48:	80808837          	lui	a6,0x80808
80200c4c:	fff6c693          	not	a3,a3
80200c50:	00d77733          	and	a4,a4,a3
80200c54:	08080813          	addi	a6,a6,128 # 80808080 <__heap_end+0x508080>
80200c58:	01077733          	and	a4,a4,a6
80200c5c:	04071263          	bnez	a4,80200ca0 <strncat+0x74>
80200c60:	0047a683          	lw	a3,4(a5)
80200c64:	00478793          	addi	a5,a5,4
80200c68:	01168733          	add	a4,a3,a7
80200c6c:	fff6c693          	not	a3,a3
80200c70:	00d77733          	and	a4,a4,a3
80200c74:	01077733          	and	a4,a4,a6
80200c78:	02071463          	bnez	a4,80200ca0 <strncat+0x74>
80200c7c:	0047a683          	lw	a3,4(a5)
80200c80:	00478793          	addi	a5,a5,4
80200c84:	01168733          	add	a4,a3,a7
80200c88:	fff6c693          	not	a3,a3
80200c8c:	00d77733          	and	a4,a4,a3
80200c90:	01077733          	and	a4,a4,a6
80200c94:	fc0706e3          	beqz	a4,80200c60 <strncat+0x34>
80200c98:	0080006f          	j	80200ca0 <strncat+0x74>
80200c9c:	00178793          	addi	a5,a5,1
80200ca0:	0007c703          	lbu	a4,0(a5)
80200ca4:	fe071ce3          	bnez	a4,80200c9c <strncat+0x70>
80200ca8:	00c786b3          	add	a3,a5,a2
80200cac:	02060463          	beqz	a2,80200cd4 <strncat+0xa8>
80200cb0:	0005c703          	lbu	a4,0(a1)
80200cb4:	00178793          	addi	a5,a5,1
80200cb8:	00158593          	addi	a1,a1,1
80200cbc:	fee78fa3          	sb	a4,-1(a5)
80200cc0:	00070863          	beqz	a4,80200cd0 <strncat+0xa4>
80200cc4:	fef696e3          	bne	a3,a5,80200cb0 <strncat+0x84>
80200cc8:	00068023          	sb	zero,0(a3)
80200ccc:	00008067          	ret
80200cd0:	00008067          	ret
80200cd4:	00008067          	ret

80200cd8 <memset>:
memset():
80200cd8:	00f00313          	li	t1,15
80200cdc:	00050713          	mv	a4,a0
80200ce0:	02c37e63          	bgeu	t1,a2,80200d1c <memset+0x44>
80200ce4:	00f77793          	andi	a5,a4,15
80200ce8:	0a079063          	bnez	a5,80200d88 <memset+0xb0>
80200cec:	08059263          	bnez	a1,80200d70 <memset+0x98>
80200cf0:	ff067693          	andi	a3,a2,-16
80200cf4:	00f67613          	andi	a2,a2,15
80200cf8:	00e686b3          	add	a3,a3,a4
80200cfc:	00b72023          	sw	a1,0(a4)
80200d00:	00b72223          	sw	a1,4(a4)
80200d04:	00b72423          	sw	a1,8(a4)
80200d08:	00b72623          	sw	a1,12(a4)
80200d0c:	01070713          	addi	a4,a4,16
80200d10:	fed766e3          	bltu	a4,a3,80200cfc <memset+0x24>
80200d14:	00061463          	bnez	a2,80200d1c <memset+0x44>
80200d18:	00008067          	ret
80200d1c:	40c306b3          	sub	a3,t1,a2
80200d20:	00269693          	slli	a3,a3,0x2
80200d24:	00000297          	auipc	t0,0x0
80200d28:	005686b3          	add	a3,a3,t0
80200d2c:	00c68067          	jr	12(a3)
80200d30:	00b70723          	sb	a1,14(a4)
80200d34:	00b706a3          	sb	a1,13(a4)
80200d38:	00b70623          	sb	a1,12(a4)
80200d3c:	00b705a3          	sb	a1,11(a4)
80200d40:	00b70523          	sb	a1,10(a4)
80200d44:	00b704a3          	sb	a1,9(a4)
80200d48:	00b70423          	sb	a1,8(a4)
80200d4c:	00b703a3          	sb	a1,7(a4)
80200d50:	00b70323          	sb	a1,6(a4)
80200d54:	00b702a3          	sb	a1,5(a4)
80200d58:	00b70223          	sb	a1,4(a4)
80200d5c:	00b701a3          	sb	a1,3(a4)
80200d60:	00b70123          	sb	a1,2(a4)
80200d64:	00b700a3          	sb	a1,1(a4)
80200d68:	00b70023          	sb	a1,0(a4)
80200d6c:	00008067          	ret
80200d70:	0ff5f593          	zext.b	a1,a1
80200d74:	00859693          	slli	a3,a1,0x8
80200d78:	00d5e5b3          	or	a1,a1,a3
80200d7c:	01059693          	slli	a3,a1,0x10
80200d80:	00d5e5b3          	or	a1,a1,a3
80200d84:	f6dff06f          	j	80200cf0 <memset+0x18>
80200d88:	00279693          	slli	a3,a5,0x2
80200d8c:	00000297          	auipc	t0,0x0
80200d90:	005686b3          	add	a3,a3,t0
80200d94:	00008293          	mv	t0,ra
80200d98:	fa0680e7          	jalr	-96(a3)
80200d9c:	00028093          	mv	ra,t0
80200da0:	ff078793          	addi	a5,a5,-16
80200da4:	40f70733          	sub	a4,a4,a5
80200da8:	00f60633          	add	a2,a2,a5
80200dac:	f6c378e3          	bgeu	t1,a2,80200d1c <memset+0x44>
80200db0:	f3dff06f          	j	80200cec <memset+0x14>

80200db4 <memcpy>:
memcpy():
80200db4:	00a5c7b3          	xor	a5,a1,a0
80200db8:	0037f793          	andi	a5,a5,3
80200dbc:	00c508b3          	add	a7,a0,a2
80200dc0:	06079663          	bnez	a5,80200e2c <memcpy+0x78>
80200dc4:	00300793          	li	a5,3
80200dc8:	06c7f263          	bgeu	a5,a2,80200e2c <memcpy+0x78>
80200dcc:	00357793          	andi	a5,a0,3
80200dd0:	00050713          	mv	a4,a0
80200dd4:	0c079a63          	bnez	a5,80200ea8 <memcpy+0xf4>
80200dd8:	ffc8f613          	andi	a2,a7,-4
80200ddc:	40e606b3          	sub	a3,a2,a4
80200de0:	02000793          	li	a5,32
80200de4:	06d7c463          	blt	a5,a3,80200e4c <memcpy+0x98>
80200de8:	00058693          	mv	a3,a1
80200dec:	00070793          	mv	a5,a4
80200df0:	02c77a63          	bgeu	a4,a2,80200e24 <memcpy+0x70>
80200df4:	0006a803          	lw	a6,0(a3)
80200df8:	00478793          	addi	a5,a5,4
80200dfc:	00468693          	addi	a3,a3,4
80200e00:	ff07ae23          	sw	a6,-4(a5)
80200e04:	fec7e8e3          	bltu	a5,a2,80200df4 <memcpy+0x40>
80200e08:	fff60613          	addi	a2,a2,-1
80200e0c:	40e60633          	sub	a2,a2,a4
80200e10:	ffc67613          	andi	a2,a2,-4
80200e14:	00458593          	addi	a1,a1,4
80200e18:	00470713          	addi	a4,a4,4
80200e1c:	00c585b3          	add	a1,a1,a2
80200e20:	00c70733          	add	a4,a4,a2
80200e24:	01176863          	bltu	a4,a7,80200e34 <memcpy+0x80>
80200e28:	00008067          	ret
80200e2c:	00050713          	mv	a4,a0
80200e30:	ff157ce3          	bgeu	a0,a7,80200e28 <memcpy+0x74>
80200e34:	0005c783          	lbu	a5,0(a1)
80200e38:	00170713          	addi	a4,a4,1
80200e3c:	00158593          	addi	a1,a1,1
80200e40:	fef70fa3          	sb	a5,-1(a4)
80200e44:	fee898e3          	bne	a7,a4,80200e34 <memcpy+0x80>
80200e48:	00008067          	ret
80200e4c:	0205a683          	lw	a3,32(a1)
80200e50:	0005a383          	lw	t2,0(a1)
80200e54:	0045a283          	lw	t0,4(a1)
80200e58:	0085af83          	lw	t6,8(a1)
80200e5c:	00c5af03          	lw	t5,12(a1)
80200e60:	0105ae83          	lw	t4,16(a1)
80200e64:	0145ae03          	lw	t3,20(a1)
80200e68:	0185a303          	lw	t1,24(a1)
80200e6c:	01c5a803          	lw	a6,28(a1)
80200e70:	02470713          	addi	a4,a4,36
80200e74:	fed72e23          	sw	a3,-4(a4)
80200e78:	fc772e23          	sw	t2,-36(a4)
80200e7c:	40e606b3          	sub	a3,a2,a4
80200e80:	fe572023          	sw	t0,-32(a4)
80200e84:	fff72223          	sw	t6,-28(a4)
80200e88:	ffe72423          	sw	t5,-24(a4)
80200e8c:	ffd72623          	sw	t4,-20(a4)
80200e90:	ffc72823          	sw	t3,-16(a4)
80200e94:	fe672a23          	sw	t1,-12(a4)
80200e98:	ff072c23          	sw	a6,-8(a4)
80200e9c:	02458593          	addi	a1,a1,36
80200ea0:	fad7c6e3          	blt	a5,a3,80200e4c <memcpy+0x98>
80200ea4:	f45ff06f          	j	80200de8 <memcpy+0x34>
80200ea8:	0005c683          	lbu	a3,0(a1)
80200eac:	00170713          	addi	a4,a4,1
80200eb0:	00377793          	andi	a5,a4,3
80200eb4:	fed70fa3          	sb	a3,-1(a4)
80200eb8:	00158593          	addi	a1,a1,1
80200ebc:	f0078ee3          	beqz	a5,80200dd8 <memcpy+0x24>
80200ec0:	0005c683          	lbu	a3,0(a1)
80200ec4:	00170713          	addi	a4,a4,1
80200ec8:	00377793          	andi	a5,a4,3
80200ecc:	fed70fa3          	sb	a3,-1(a4)
80200ed0:	00158593          	addi	a1,a1,1
80200ed4:	fc079ae3          	bnez	a5,80200ea8 <memcpy+0xf4>
80200ed8:	f01ff06f          	j	80200dd8 <memcpy+0x24>

80200edc <strlen>:
strlen():
80200edc:	00357793          	andi	a5,a0,3
80200ee0:	00050713          	mv	a4,a0
80200ee4:	04079c63          	bnez	a5,80200f3c <strlen+0x60>
80200ee8:	7f7f86b7          	lui	a3,0x7f7f8
80200eec:	f7f68693          	addi	a3,a3,-129 # 7f7f7f7f <app_entry-0xa08081>
80200ef0:	fff00593          	li	a1,-1
80200ef4:	00072603          	lw	a2,0(a4)
80200ef8:	00470713          	addi	a4,a4,4
80200efc:	00d677b3          	and	a5,a2,a3
80200f00:	00d787b3          	add	a5,a5,a3
80200f04:	00c7e7b3          	or	a5,a5,a2
80200f08:	00d7e7b3          	or	a5,a5,a3
80200f0c:	feb784e3          	beq	a5,a1,80200ef4 <strlen+0x18>
80200f10:	ffc74683          	lbu	a3,-4(a4)
80200f14:	40a707b3          	sub	a5,a4,a0
80200f18:	04068463          	beqz	a3,80200f60 <strlen+0x84>
80200f1c:	ffd74683          	lbu	a3,-3(a4)
80200f20:	02068c63          	beqz	a3,80200f58 <strlen+0x7c>
80200f24:	ffe74503          	lbu	a0,-2(a4)
80200f28:	00a03533          	snez	a0,a0
80200f2c:	00f50533          	add	a0,a0,a5
80200f30:	ffe50513          	addi	a0,a0,-2
80200f34:	00008067          	ret
80200f38:	fa0688e3          	beqz	a3,80200ee8 <strlen+0xc>
80200f3c:	00074783          	lbu	a5,0(a4)
80200f40:	00170713          	addi	a4,a4,1
80200f44:	00377693          	andi	a3,a4,3
80200f48:	fe0798e3          	bnez	a5,80200f38 <strlen+0x5c>
80200f4c:	40a70733          	sub	a4,a4,a0
80200f50:	fff70513          	addi	a0,a4,-1
80200f54:	00008067          	ret
80200f58:	ffd78513          	addi	a0,a5,-3
80200f5c:	00008067          	ret
80200f60:	ffc78513          	addi	a0,a5,-4
80200f64:	00008067          	ret

80200f68 <strcpy>:
strcpy():
80200f68:	00b567b3          	or	a5,a0,a1
80200f6c:	0037f793          	andi	a5,a5,3
80200f70:	08079063          	bnez	a5,80200ff0 <strcpy+0x88>
80200f74:	0005a703          	lw	a4,0(a1)
80200f78:	7f7f86b7          	lui	a3,0x7f7f8
80200f7c:	f7f68693          	addi	a3,a3,-129 # 7f7f7f7f <app_entry-0xa08081>
80200f80:	00d77833          	and	a6,a4,a3
80200f84:	00d80833          	add	a6,a6,a3
80200f88:	00e86833          	or	a6,a6,a4
80200f8c:	00d86833          	or	a6,a6,a3
80200f90:	fff00793          	li	a5,-1
80200f94:	00050613          	mv	a2,a0
80200f98:	02f81463          	bne	a6,a5,80200fc0 <strcpy+0x58>
80200f9c:	00458593          	addi	a1,a1,4
80200fa0:	00e62023          	sw	a4,0(a2)
80200fa4:	0005a703          	lw	a4,0(a1)
80200fa8:	00460613          	addi	a2,a2,4
80200fac:	00d777b3          	and	a5,a4,a3
80200fb0:	00d787b3          	add	a5,a5,a3
80200fb4:	00e7e7b3          	or	a5,a5,a4
80200fb8:	00d7e7b3          	or	a5,a5,a3
80200fbc:	ff0780e3          	beq	a5,a6,80200f9c <strcpy+0x34>
80200fc0:	0005c783          	lbu	a5,0(a1)
80200fc4:	0015c703          	lbu	a4,1(a1)
80200fc8:	0025c683          	lbu	a3,2(a1)
80200fcc:	00f60023          	sb	a5,0(a2)
80200fd0:	00078a63          	beqz	a5,80200fe4 <strcpy+0x7c>
80200fd4:	00e600a3          	sb	a4,1(a2)
80200fd8:	00070663          	beqz	a4,80200fe4 <strcpy+0x7c>
80200fdc:	00d60123          	sb	a3,2(a2)
80200fe0:	00069463          	bnez	a3,80200fe8 <strcpy+0x80>
80200fe4:	00008067          	ret
80200fe8:	000601a3          	sb	zero,3(a2)
80200fec:	00008067          	ret
80200ff0:	00050793          	mv	a5,a0
80200ff4:	0005c703          	lbu	a4,0(a1)
80200ff8:	00178793          	addi	a5,a5,1
80200ffc:	00158593          	addi	a1,a1,1
80201000:	fee78fa3          	sb	a4,-1(a5)
80201004:	fe0718e3          	bnez	a4,80200ff4 <strcpy+0x8c>
80201008:	00008067          	ret

8020100c <__bswapsi2>:
__bswapsi2():
8020100c:	000106b7          	lui	a3,0x10
80201010:	01851613          	slli	a2,a0,0x18
80201014:	01855793          	srli	a5,a0,0x18
80201018:	00855713          	srli	a4,a0,0x8
8020101c:	f0068693          	addi	a3,a3,-256 # ff00 <app_entry-0x801f0100>
80201020:	00d77733          	and	a4,a4,a3
80201024:	00c7e7b3          	or	a5,a5,a2
80201028:	00ff06b7          	lui	a3,0xff0
8020102c:	00851513          	slli	a0,a0,0x8
80201030:	00e7e7b3          	or	a5,a5,a4
80201034:	00d57533          	and	a0,a0,a3
80201038:	00a7e533          	or	a0,a5,a0
8020103c:	00008067          	ret

80201040 <__divsi3>:
__divsi3():
80201040:	06054063          	bltz	a0,802010a0 <__umodsi3+0x10>
80201044:	0605c663          	bltz	a1,802010b0 <__umodsi3+0x20>

80201048 <__hidden___udivsi3>:
80201048:	00058613          	mv	a2,a1
8020104c:	00050593          	mv	a1,a0
80201050:	fff00513          	li	a0,-1
80201054:	02060c63          	beqz	a2,8020108c <__hidden___udivsi3+0x44>
80201058:	00100693          	li	a3,1
8020105c:	00b67a63          	bgeu	a2,a1,80201070 <__hidden___udivsi3+0x28>
80201060:	00c05863          	blez	a2,80201070 <__hidden___udivsi3+0x28>
80201064:	00161613          	slli	a2,a2,0x1
80201068:	00169693          	slli	a3,a3,0x1
8020106c:	feb66ae3          	bltu	a2,a1,80201060 <__hidden___udivsi3+0x18>
80201070:	00000513          	li	a0,0
80201074:	00c5e663          	bltu	a1,a2,80201080 <__hidden___udivsi3+0x38>
80201078:	40c585b3          	sub	a1,a1,a2
8020107c:	00d56533          	or	a0,a0,a3
80201080:	0016d693          	srli	a3,a3,0x1
80201084:	00165613          	srli	a2,a2,0x1
80201088:	fe0696e3          	bnez	a3,80201074 <__hidden___udivsi3+0x2c>
8020108c:	00008067          	ret

80201090 <__umodsi3>:
80201090:	00008293          	mv	t0,ra
80201094:	fb5ff0ef          	jal	80201048 <__hidden___udivsi3>
80201098:	00058513          	mv	a0,a1
8020109c:	00028067          	jr	t0 # 80200d8c <memset+0xb4>
802010a0:	40a00533          	neg	a0,a0
802010a4:	00b04863          	bgtz	a1,802010b4 <__umodsi3+0x24>
802010a8:	40b005b3          	neg	a1,a1
802010ac:	f9dff06f          	j	80201048 <__hidden___udivsi3>
802010b0:	40b005b3          	neg	a1,a1
802010b4:	00008293          	mv	t0,ra
802010b8:	f91ff0ef          	jal	80201048 <__hidden___udivsi3>
802010bc:	40a00533          	neg	a0,a0
802010c0:	00028067          	jr	t0

802010c4 <__modsi3>:
__modsi3():
802010c4:	00008293          	mv	t0,ra
802010c8:	0005ca63          	bltz	a1,802010dc <__modsi3+0x18>
802010cc:	00054c63          	bltz	a0,802010e4 <__modsi3+0x20>
802010d0:	f79ff0ef          	jal	80201048 <__hidden___udivsi3>
802010d4:	00058513          	mv	a0,a1
802010d8:	00028067          	jr	t0
802010dc:	40b005b3          	neg	a1,a1
802010e0:	fe0558e3          	bgez	a0,802010d0 <__modsi3+0xc>
802010e4:	40a00533          	neg	a0,a0
802010e8:	f61ff0ef          	jal	80201048 <__hidden___udivsi3>
802010ec:	40b00533          	neg	a0,a1
802010f0:	00028067          	jr	t0
